error_reporting_at_start: 30719
inst_accounts_file
inst_calls_file
inst_cases_file
inst_contacts_file
inst_documents_file
inst_externalusers_file
inst_meetings_file
inst_messages_file
inst_notes_file
inst_project_file
inst_purchasedlineitems_file
inst_tasks_file
string(28) "<?php echo "instance rest";
"
string(28) "<?php echo "template rest";
"